2026-04-04 15:14:39 - POST received
POST data: Array
(
    [csrf_token] => 195d58b1a4b44ceb60ccef48502c9ac53e8a85a7f3f28cd5d5e6e0ae61b6b810
    [title] => a
    [description] => a
    [location] => a
    [event_date] => 2026-04-04T19:57
    [registration_deadline] => 2026-04-05T19:57
    [max_participants] => 20
    [fee] => 0
)

FILES data: Array
(
    [image] => Array
        (
            [name] => 
            [type] => 
            [tmp_name] => 
            [error] => 4
            [size] => 0
        )

)

Session user_id: 1
Session role: not set
CSRF token from POST: 195d58b1a4b44ceb60cc...
CSRF token empty: NO
CSRF verification PASSED
Total errors: 3
Errors: Array
(
    [0] => Judul event minimal 10 karakter.
    [1] => Deskripsi event minimal 50 karakter.
    [2] => Deadline pendaftaran harus sebelum tanggal event.
)

End of POST processing

2026-04-04 15:14:47 - POST received
POST data: Array
(
    [csrf_token] => 195d58b1a4b44ceb60ccef48502c9ac53e8a85a7f3f28cd5d5e6e0ae61b6b810
    [title] => a
    [description] => a
    [location] => a
    [event_date] => 2026-04-04T19:57
    [registration_deadline] => 2026-04-05T19:57
    [max_participants] => 20
    [fee] => 0
)

FILES data: Array
(
    [image] => Array
        (
            [name] => RobloxScreenShot20250418_134834243.png
            [type] => image/png
            [tmp_name] => C:\xampp\tmp\phpCE1B.tmp
            [error] => 0
            [size] => 2034643
        )

)

Session user_id: 1
Session role: not set
CSRF token from POST: 195d58b1a4b44ceb60cc...
CSRF token empty: NO
CSRF verification PASSED
Total errors: 3
Errors: Array
(
    [0] => Judul event minimal 10 karakter.
    [1] => Deskripsi event minimal 50 karakter.
    [2] => Deadline pendaftaran harus sebelum tanggal event.
)

End of POST processing

2026-04-04 20:49:03 - POST received
POST data: Array
(
    [csrf_token] => 5c816d8872e7e87378a2e131bad683d832c6fcd132ef8e7001ba9af25ce82cf4
    [title] => a
    [description] => a
    [location] => a
    [event_date] => 2026-04-05T01:48
    [registration_deadline] => 2026-04-04T01:48
    [max_participants] => 12
    [fee] => 0
)

FILES data: Array
(
    [image] => Array
        (
            [name] => RobloxScreenShot20250418_134834243.png
            [type] => image/png
            [tmp_name] => C:\xampp\tmp\phpE583.tmp
            [error] => 0
            [size] => 2034643
        )

)

Session user_id: 1
Session role: not set
CSRF token from POST: 5c816d8872e7e87378a2...
CSRF token empty: NO
CSRF verification PASSED
Total errors: 3
Errors: Array
(
    [0] => Judul event minimal 10 karakter.
    [1] => Deskripsi event minimal 50 karakter.
    [2] => Deadline pendaftaran harus di masa depan.
)

End of POST processing

2026-04-04 20:56:32 - POST received
POST data: Array
(
    [csrf_token] => 5c816d8872e7e87378a2e131bad683d832c6fcd132ef8e7001ba9af25ce82cf4
    [title] => a111111111a111111111
    [description] => aa111111111a111111111a111111111a111111111a111111111a111111111a111111111
    [location] => a
    [event_date] => 2026-04-05T01:48
    [registration_deadline] => 2026-04-04T01:48
    [max_participants] => 12
    [fee] => 0
)

FILES data: Array
(
    [image] => Array
        (
            [name] => RobloxScreenShot20250418_134834243.png
            [type] => image/png
            [tmp_name] => C:\xampp\tmp\phpBE72.tmp
            [error] => 0
            [size] => 2034643
        )

)

Session user_id: 1
Session role: not set
CSRF token from POST: 5c816d8872e7e87378a2...
CSRF token empty: NO
CSRF verification PASSED
Total errors: 1
Errors: Array
(
    [0] => Deadline pendaftaran harus di masa depan.
)

End of POST processing

2026-04-05 13:13:58 - POST received
POST data: Array
(
    [csrf_token] => 9613c1713c42084c30a96b2749f6767d12339a62b5b701ac1d9306188d10ccc0
    [title] => MANCING LAH BIAR LAKIK
    [description] => BARUBARUBARUBARUBARUBARUBARUBARUBARUBARUBARUBARUBARUBARUBARUBARUBARUBARUBARUBARUBARUBARUBARUBARUBARUBARUBARUBARUBARUBARUBARUBARUBARUBARUBARUBARUBARU
    [location] => asdasdasdasd
    [event_date] => 2026-04-05T18:13
    [registration_deadline] => 2026-04-10T18:13
    [max_participants] => 10
    [fee] => 0
)

FILES data: Array
(
    [image] => Array
        (
            [name] => RobloxScreenShot20250416_123816062.png
            [type] => image/png
            [tmp_name] => C:\xampp\tmp\php1D96.tmp
            [error] => 0
            [size] => 2280143
        )

)

Session user_id: 2
Session role: not set
CSRF token from POST: 9613c1713c42084c30a9...
CSRF token empty: NO
CSRF verification PASSED
Total errors: 2
Errors: Array
(
    [0] => Deadline pendaftaran harus sebelum tanggal event.
    [1] => Ukuran gambar maksimal 2MB.
)

End of POST processing

